src/modules/tasks/task.service.ts(21,22): error TS2339: Property 'rows' does not exist on type '{ name: string; description: string; priority: string; user_id: number; id: number; created_at: Date; }[]'.
src/modules/tasks/task.service.ts(29,9): error TS2322: Type '{ name: string; description: string; priority: string; user_id: number; id: number; created_at: Date; } | null' is not assignable to type 'Task | null'.
  Type '{ name: string; description: string; priority: string; user_id: number; id: number; created_at: Date; }' is not assignable to type 'Task'.
    Types of property 'priority' are incompatible.
      Type 'string' is not assignable to type 'boolean'.
src/modules/tasks/task.service.ts(35,13): error TS2322: Type 'UpdateTaskDto' is not assignable to type '(Without<TaskUpdateInput, TaskUncheckedUpdateInput> & TaskUncheckedUpdateInput) | (Without<...> & TaskUpdateInput)'.
  Type 'UpdateTaskDto' is not assignable to type 'Without<TaskUncheckedUpdateInput, TaskUpdateInput> & TaskUpdateInput'.
    Types of property 'priority' are incompatible.
      Type 'boolean | undefined' is not assignable to type 'string | StringFieldUpdateOperationsInput | undefined'.
        Type 'false' is not assignable to type 'string | StringFieldUpdateOperationsInput | undefined'.
src/modules/tasks/task.service.ts(38,9): error TS2322: Type '{ name: string; description: string; priority: string; user_id: number; id: number; created_at: Date; }' is not assignable to type 'Task'.
  Types of property 'priority' are incompatible.
    Type 'string' is not assignable to type 'boolean'.
src/modules/tasks/task.service.ts(41,29): error TS2300: Duplicate identifier 'task'.
src/modules/tasks/task.service.ts(42,15): error TS2300: Duplicate identifier 'task'.
src/modules/tasks/task.service.ts(42,45): error TS2339: Property 'insert' does not exist on type 'TaskDelegate<DefaultArgs, PrismaClientOptions>'.
src/modules/tasks/task.service.ts(43,22): error TS18004: No value exists in scope for the shorthand property 'id'. Either declare one or provide an initializer.
src/modules/tasks/task.service.ts(46,9): error TS2741: Property 'id' is missing in type 'CreateTaskDto' but required in type 'Task'.
src/modules/tasks/task.service.ts(54,9): error TS2322: Type '{ name: string; description: string; priority: string; user_id: number; id: number; created_at: Date; }' is not assignable to type 'boolean'.
